// Vitest Snapshot v1, https://vitest.dev/guide/snapshot.html

exports[`Homepage component > matches snapshot for a logged in users homepage 1`] = `
<DocumentFragment>
  <div
    class="Homepage"
  >
    <section
      class="hero"
      data-aos="fade-up"
    >
      <h3>
        <i>
          Welcome Test
        </i>
      </h3>
      <h1>
        Understanding MBTI Compatibility
      </h1>
      <p>
        MBTI (Myers-Briggs Type Indicator) compatibility is rooted in the idea that personality types with complementary traits or cognitive functions can create harmonious and enriching relationships. Compatibility doesn't necessarily mean “same type” — in fact, many MBTI pairings thrive on balance and contrast, where ones strengths complement another's.
      </p>
      <p>
        It's often about balance. Opposites attract, like 
        <strong>
          Introverts (I)
        </strong>
         pairing with 
        <strong>
          Extraverts (E)
        </strong>
        , or 
        <strong>
          Judgers (J)
        </strong>
         balancing with 
        <strong>
          Perceivers (P)
        </strong>
        . Cognitive functions also play a role — types with complementary strengths can create deep, meaningful connections.
      </p>
      <a
        class="cta-button"
        data-discover="true"
        href="/matches"
      >
        Get Matched
      </a>
      <hr />
      <h2>
        Examples of Compatible Pairings
      </h2>
      <div
        class="example-pairs"
      >
        <div
          class="pair"
        >
          <img
            alt="Girl smiling with book"
            src="/src/assets/homepage/home1.png"
          />
          <p>
            <strong>
              INFJs
            </strong>
             bring deep introspection, while 
            <strong>
              ENFPs
            </strong>
             add vibrant creative energy, balancing intuition and feeling.
          </p>
        </div>
        <div
          class="pair"
        >
          <img
            alt="Male sitting with book"
            src="/src/assets/homepage/home2.png"
          />
          <p>
            Organized 
            <strong>
              ISTJs
            </strong>
             pair well with lively and adaptable 
            <strong>
              ESFPs
            </strong>
            .
          </p>
        </div>
        <div
          class="pair"
        >
          <img
            alt="Gardening person"
            src="/src/assets/homepage/home3.png"
          />
          <p>
            <strong>
              ENTPs
            </strong>
             bring fresh ideas, while 
            <strong>
              INTJs
            </strong>
             provide focus and strategy.
          </p>
        </div>
        <div
          class="pair"
        >
          <p>
            <strong>
              ISFJs
            </strong>
             offer stability, while 
            <strong>
              ESTPs
            </strong>
             bring excitement and spontaneity.
          </p>
        </div>
        <div
          class="pair"
        >
          <img
            alt="Girl running with flag"
            src="/src/assets/homepage/home4.png"
          />
          <p>
            <strong>
              ENFJs
            </strong>
             guide with warmth and vision, while 
            <strong>
              INFPs
            </strong>
             bring deep values and empathy.
          </p>
        </div>
        <div
          class="pair"
        >
          <img
            alt="Male Logistician"
            src="/src/assets/homepage/home5.png"
          />
          <p>
            <strong>
              ENTJs
            </strong>
             lead with ambition and drive, while 
            <strong>
              INTPs
            </strong>
             offer insight and problem-solving.
          </p>
        </div>
      </div>
    </section>
  </div>
</DocumentFragment>
`;

exports[`Homepage component > matches snapshot for guests homepage 1`] = `
<DocumentFragment>
  <div
    class="Homepage"
  >
    <section
      class="hero"
      data-aos="fade-up"
    >
      <h1>
        Authentic Connections
        <br />
         For Every Journey
      </h1>
      <p>
        Meet like-minded people who align with your personality and values. Whether it's love, friendship, or meaningful chats, your connections - your way.
      </p>
      <a
        class="cta-button"
        data-discover="true"
        href="/quiz"
      >
        Take your MBTI Personality Quiz
      </a>
      <img
        alt="Guests Home avatar"
        class="logo-lg"
        src="/src/assets/logos/pairsona_logo_large.png"
      />
    </section>
    <hr />
    <section
      class="how-it-works"
      data-aos="fade-left"
    >
      <h2>
        How It Works
      </h2>
      <div
        class="steps"
      >
        <div
          class="step"
        >
          <h3>
            1. Sign Up
          </h3>
          <p>
            Create an account and join our community.
          </p>
        </div>
        <div
          class="step"
        >
          <h3>
            2. Take the Quiz
          </h3>
          <p>
            Discover your MBTI type with our simple quiz.
          </p>
        </div>
        <div
          class="step"
        >
          <h3>
            3. Get Matched
          </h3>
          <p>
            Find compatible people based on personality.
          </p>
        </div>
        <div
          class="step"
        >
          <h3>
            4. Connect
          </h3>
          <p>
            Connect and get to know your matches through our chat!
          </p>
        </div>
      </div>
    </section>
    <hr />
    <section
      class="features"
      data-aos="fade-up"
    >
      <h2>
        Why Choose Us?
      </h2>
      <ul>
        <li>
          <strong>
            Personality-Based Matches
          </strong>
           – We pair you based on MBTI compatibility.
        </li>
        <li>
          <strong>
            Flexible Connections
          </strong>
           – Looking for friends or something more? Your choice.
        </li>
        <li>
          <strong>
            Privacy-Focused
          </strong>
           – Your data, your control.
        </li>
      </ul>
    </section>
    <hr />
    <section
      class="testimonials"
    >
      <blockquote>
        This app made it easy to connect with fellow introverts in a discreet and comfortable way.
      </blockquote>
      <blockquote>
        A welcoming space with plenty of opportunities to form genuine friendships.
      </blockquote>
    </section>
    <section
      class="final-cta"
    >
      <h2>
        Ready to meet your match?
      </h2>
      <a
        class="cta-button"
        data-discover="true"
        href="/signup"
      >
        Get Started
      </a>
      <p
        class="login-link"
      >
        Already have an account? 
        <a
          data-discover="true"
          href="/login"
        >
          Log in
        </a>
      </p>
    </section>
  </div>
</DocumentFragment>
`;
